[backblue.gif]
[fade.gif]
[index.html]
[igc-aircon.com/bitrix/js/main/core/css/core.mine01a.css]
[igc-aircon.com/local/templates/centino-heat_s2/vendor/OwlCarousel2-2.3.4/dist/assets/owl.carousel.min14f6.css]
[igc-aircon.com/local/templates/centino-heat_s2/css/print.min1f15.css]
[igc-aircon.com/local/templates/centino-heat_s2/css/animation/animate.min91db.css]
[igc-aircon.com/local/templates/centino-heat_s2/css/animation/animation_ext.min9369.css]
[igc-aircon.com/local/templates/centino-heat_s2/css/slick.min43c1.css]
[igc-aircon.com/local/templates/centino-heat_s2/css/fonts/font-awesome/css/font-awesome.minf4d1.css]
[igc-aircon.com/local/templates/centino-heat_s2/css/jquery.fancybox.minc84b.css]
[igc-aircon.com/local/templates/centino-heat_s2/vendor/flexslider/flexslider.minb16c.css]
[igc-aircon.com/local/templates/centino-heat_s2/css/bootstrap.mine61a.css]
[igc-aircon.com/local/templates/centino-heat_s2/css/theme-elements.min2c29.css]
[igc-aircon.com/local/templates/centino-heat_s2/css/modifiers.min39d9.css]
[igc-aircon.com/local/templates/centino-heat_s2/css/modifiers_responsive7e04.css]
[igc-aircon.com/local/templates/centino-heat_s2/css/partners_1d94f.css]
[igc-aircon.com/local/templates/centino-heat_s2/css/width-2.min9559.css]
[igc-aircon.com/local/templates/centino-heat_s2/css/font-10.min2e93.css]
[igc-aircon.com/local/templates/centino-heat_s2/css/jquery.mCustomScrollbar.min3ebf.css]
[igc-aircon.com/local/templates/centino-heat_s2/components/bitrix/menu/top_new/stylec1f2.css]
[igc-aircon.com/local/templates/centino-heat_s2/styles14e5.css]
[igc-aircon.com/local/templates/centino-heat_s2/template_stylesbbb6.css]
[igc-aircon.com/local/templates/centino-heat_s2/css/responsive.min7321.css]
[igc-aircon.com/local/templates/centino-heat_s2/themes/CUSTOM_s2/colors.min70c4.css]
[igc-aircon.com/local/templates/centino-heat_s2/css/footer632d.css]
[igc-aircon.com/local/templates/centino-heat_s2/css/custome33f.css]
[igc-aircon.com/bitrix/js/main/core/core.minfb7e.js]
[igc-aircon.com/bitrix/js/main/core/core_promise.js]
[igc-aircon.com/bitrix/js/main/polyfill/promise/js/promise.js]
[igc-aircon.com/bitrix/js/main/loadext/loadext.js]
[igc-aircon.com/bitrix/js/main/loadext/extension.js]
[igc-aircon.com/bitrix/js/main/polyfill/find/js/find.js]
[igc-aircon.com/bitrix/js/main/polyfill/includes/js/includes.js]
[igc-aircon.com/bitrix/js/main/polyfill/matches/js/matches.js]
[igc-aircon.com/bitrix/js/main/polyfill/fill/main.polyfill.fill.js]
[igc-aircon.com/bitrix/js/main/polyfill/core/dist/polyfill.bundle.js]
[igc-aircon.com/bitrix/js/main/core/core.js]
[igc-aircon.com/bitrix/js/main/polyfill/intersectionobserver/js/intersectionobserver.js]
[igc-aircon.com/bitrix/js/main/lazyload/dist/lazyload.bundle.js]
[igc-aircon.com/bitrix/js/main/jquery/jquery-1.8.3.minfe26.js]
[igc-aircon.com/bitrix/js/main/jquery/jquery-2.1.3.min.min94f2.js]
[igc-aircon.com/bitrix/js/main/ajax0c56.js]
[igc-aircon.com/local/templates/centino-heat_s2/js/jquery.fancybox.js]
[igc-aircon.com/local/templates/centino-heat_s2/vendor/jquery.easing.js]
[igc-aircon.com/local/templates/centino-heat_s2/vendor/jquery.appear.js]
[igc-aircon.com/local/templates/centino-heat_s2/vendor/jquery.cookie.js]
[igc-aircon.com/local/templates/centino-heat_s2/vendor/jquery.validate.min.js]
[igc-aircon.com/local/templates/centino-heat_s2/js/jquery.uniform.min.js]
[igc-aircon.com/local/templates/centino-heat_s2/js/jquery-ui.min.js]
[igc-aircon.com/local/templates/centino-heat_s2/js/jqModal.js]
[igc-aircon.com/local/templates/centino-heat_s2/js/detectmobilebrowser.js]
[igc-aircon.com/local/templates/centino-heat_s2/vendor/flexslider/jquery.flexslider.js]
[igc-aircon.com/local/templates/centino-heat_s2/js/velocity.js]
[igc-aircon.com/local/templates/centino-heat_s2/js/velocity.ui.js]
[igc-aircon.com/local/templates/centino-heat_s2/vendor/bootstrap.js]
[igc-aircon.com/local/templates/centino-heat_s2/js/matchMedia.js]
[igc-aircon.com/local/templates/centino-heat_s2/js/slick.min.js]
[igc-aircon.com/local/templates/centino-heat_s2/vendor/OwlCarousel2-2.3.4/dist/owl.carousel.js]
[igc-aircon.com/local/templates/centino-heat_s2/js/jquery.alphanumeric.js]
[igc-aircon.com/local/templates/centino-heat_s2/js/jquery.autocomplete.js]
[igc-aircon.com/local/templates/centino-heat_s2/js/jquery.mobile.custom.touch.min.js]
[igc-aircon.com/local/templates/centino-heat_s2/js/custom.js]
[igc-aircon.com/local/templates/centino-heat_s2/js/general.js]
[igc-aircon.com/local/templates/centino-heat_s2/js/jquery.mCustomScrollbar.js]
[igc-aircon.com/local/templates/centino-heat_s2/components/bitrix/menu/left_3/script.js]
[igc-aircon.com/bitrix/components/bitrix/search.title/script.js]
[igc-aircon.com/local/templates/centino-heat_s2/components/bitrix/search.title/fixed/script.js]
[igc-aircon.com/local/js/reaspekt/reaspekt.geobase/script.js]
[www.google.com/recaptcha/apiad4a.js]
[igc-aircon.com/include/apple-touch-icon.png]
[igc-aircon.com/logo.png]
[igc-aircon.com/bitrix/cache/js/s2/centino-heat_s2/template_b4ec86e2168d44c655b9fa8b2392218f/template_b4ec86e2168d44c655b9fa8b2392218f_v18630.js]
[igc-aircon.com/upload/VHeat/21b/21b0469be10ce5c153e5e4622d335a78.png]
[www.igc-aircon.com/upload/resize_cache/iblock/6a8/60_60_1/6a81fe4e54f68127afd08d7ddc886733.jpg]
[www.igc-aircon.com/upload/resize_cache/iblock/063/60_60_1/0637b6cb969e1ee40ffd2b3b88bd4bb5.jpg]
[www.igc-aircon.com/upload/resize_cache/iblock/3c6/60_60_1/3c61c4ea1471984917258f6219bb8bab.jpg]
[www.igc-aircon.com/upload/resize_cache/iblock/bca/60_60_1/bca9c7b4d611aa827ecd5df6f306c253.jpg]
[igc-aircon.com/local/templates/centino-heat_s2/images/img-logo.png]
[mc.yandex.ru/metrika/tag.js]
[igc-aircon.com/dealer/index.html]
[www.googletagmanager.com/gtm5445.html]
[widgets.mango-office.ru/widgets/mango.js]
[igc-aircon.com/bitrix/js/main/core/images/panel/top-panel-sprite-2.png]
[igc-aircon.com/bitrix/js/main/core/css/core.mine01a.css]
[igc-aircon.com/local/templates/centino-heat_s2/components/centino/form.heat/contacts4/stylec679.css]
[igc-aircon.com/local/templates/centino-heat_s2/vendor/OwlCarousel2-2.3.4/dist/assets/owl.video.play.png]
[igc-aircon.com/local/templates/centino-heat_s2/vendor/OwlCarousel2-2.3.4/dist/assets/owl.carousel.min14f6.css]
[igc-aircon.com/local/templates/centino-heat_s2/vendor/OwlCarousel2-2.3.4/dist/assets/owl.theme.default.min98da.css]
[igc-aircon.com/local/templates/centino-heat_s2/css/print.min1f15.css]
[igc-aircon.com/local/templates/centino-heat_s2/css/animation/animate.min91db.css]
[igc-aircon.com/local/templates/centino-heat_s2/css/animation/animation_ext.min9369.css]
[igc-aircon.com/local/templates/centino-heat_s2/css/slick.min43c1.css]
[igc-aircon.com/local/templates/centino-heat_s2/css/fonts/font-awesome/css/font-awesome.minf4d1.css]
[igc-aircon.com/local/templates/centino-heat_s2/images/fancybox_sprite.png]
[igc-aircon.com/local/templates/centino-heat_s2/images/fancybox_loading.gif]
[igc-aircon.com/local/templates/centino-heat_s2/css/jquery.fancybox.minc84b.css]
[igc-aircon.com/local/templates/centino-heat_s2/images/fancybox_overlay.png]
[igc-aircon.com/local/templates/centino-heat_s2/vendor/flexslider/flexslider.minb16c.css]
[igc-aircon.com/local/templates/centino-heat_s2/css/bootstrap.mine61a.css]
[igc-aircon.com/local/templates/centino-heat_s2/css/theme-elements.min2c29.css]
[igc-aircon.com/local/templates/centino-heat_s2/css/theme-responsive.minc210.css]
[igc-aircon.com/local/templates/centino-heat_s2/css/modifiers.min39d9.css]
[igc-aircon.com/local/templates/centino-heat_s2/css/modifiers_responsive7e04.css]
[igc-aircon.com/local/templates/centino-heat_s2/css/h1-normal41ad.css]
[igc-aircon.com/bitrix/templates/.default/ajax/images/wait.gif]
[igc-aircon.com/bitrix/templates/.default/ajax/ajax.min69b4.css]
[igc-aircon.com/bitrix/templates/.default/ajax/images/shadow.gif]
[igc-aircon.com/local/templates/centino-heat_s2/css/partners_1d94f.css]
[igc-aircon.com/local/templates/centino-heat_s2/css/width-2.min9559.css]
[igc-aircon.com/local/templates/centino-heat_s2/css/font-10.min2e93.css]
[igc-aircon.com/local/templates/centino-heat_s2/css/jquery.mCustomScrollbar.min3ebf.css]
[igc-aircon.com/local/templates/centino-heat_s2/components/bitrix/menu/top_new/stylec1f2.css]
[igc-aircon.com/local/templates/centino-heat_s2/images/heat.png]
[igc-aircon.com/local/templates/centino-heat_s2/images/code_pattern.gif]
[igc-aircon.com/local/templates/centino-heat_s2/styles14e5.css]
[igc-aircon.com/local/templates/centino-heat_s2/css/fonts/font-awesome/fonts/fontawesome-webfont3e6e.eot]
[igc-aircon.com/local/templates/centino-heat_s2/css/fonts/font-awesome/fonts/fontawesome-webfontd41d.eot]
[igc-aircon.com/local/templates/centino-heat_s2/css/fonts/font-awesome/fonts/fontawesome-webfont3e6e.woff]
[igc-aircon.com/local/templates/centino-heat_s2/css/fonts/font-awesome/fonts/fontawesome-webfont3e6e.ttf]
[igc-aircon.com/local/templates/centino-heat_s2/css/fonts/font-awesome/fonts/fontawesome-webfont3e6e.svg]
[igc-aircon.com/local/templates/centino-heat_s2/images/background.png]
[igc-aircon.com/local/templates/centino-heat_s2/images/plus_mask.png]
[igc-aircon.com/local/templates/centino-heat_s2/images/svg/Basket_big_white.svg]
[igc-aircon.com/local/templates/centino-heat_s2/images/corp.png]
[igc-aircon.com/local/templates/centino-heat_s2/images/loaders/pl3.gif]
[igc-aircon.com/local/templates/centino-heat_s2/images/social2.png]
[igc-aircon.com/local/templates/centino-heat_s2/images/svg/corp.svg]
[igc-aircon.com/local/templates/centino-heat_s2/images/svg/docs_types.svg]
[igc-aircon.com/local/templates/centino-heat_s2/images/pl3.gif]
[igc-aircon.com/local/templates/centino-heat_s2/images/loaders/preloader.gif]
[igc-aircon.com/local/templates/centino-heat_s2/images/dott.png]
[igc-aircon.com/local/templates/centino-heat_s2/images/hint.jpg]
[igc-aircon.com/local/templates/centino-heat_s2/images/pattern_comments.jpg]
[igc-aircon.com/local/templates/centino-heat_s2/images/icons_contacts.png]
[igc-aircon.com/local/templates/centino-heat_s2/images/svg/social/social_footer_9.svg]
[igc-aircon.com/local/templates/centino-heat_s2/images/arrows.png]
[igc-aircon.com/local/templates/centino-heat_s2/images/svg/social.svg]
[igc-aircon.com/local/templates/centino-heat_s2/images/corp3.svg]
[igc-aircon.com/local/templates/centino-heat_s2/images/social.png]
[igc-aircon.com/local/templates/centino-heat_s2/images/loaders/circle_anim.gif]
[igc-aircon.com/local/css/reaspekt/reaspekt.geobase/images/close-button-sprite.png]
[igc-aircon.com/local/templates/centino-heat_s2/template_stylesbbb6.css]
[igc-aircon.com/local/css/reaspekt/reaspekt.geobase/stylea7ce.css]
[igc-aircon.com/local/templates/centino-heat_s2/css/responsive.min7321.css]
[igc-aircon.com/local/templates/centino-heat_s2/themes/CUSTOM_s2/colors.min70c4.css]
[igc-aircon.com/local/templates/centino-heat_s2/css/footer632d.css]
[igc-aircon.com/local/templates/centino-heat_s2/css/develop75bf.css]
[igc-aircon.com/local/templates/centino-heat_s2/css/custome33f.css]
[igc-aircon.com/bitrix/js/ui/polyfill/closest/js/closest.html]
[igc-aircon.com/bitrix/js/main/lazyload/dist/lazyload.bundle.html]
[igc-aircon.com/dealer/POST.html]
[igc-aircon.com/local/templates/centino-heat_s2/img/list-primary.html]
[igc-aircon.com/local/templates/centino-heat_s2/css/mCSB_buttons.html]
[igc-aircon.com/local/templates/centino-heat_s2/images/svg/Quotes.svg]
[igc-aircon.com/local/templates/centino-heat_s2/images/svg/more_arrow.svg]
[igc-aircon.com/local/templates/centino-heat_s2/css/fonts/font-awesome/fonts/fontawesome-webfont3e6e.html]
[igc-aircon.com/local/templates/centino-heat_s2/css/fonts/font-awesome/fonts/fontawesome-webfont3e6e.svg]
[igc-aircon.com/local/templates/centino-heat_s2/images/svg/right_Arrow_banner_sm_grey.svg]
[igc-aircon.com/local/templates/centino-heat_s2/images/svg/right_Arrow_banner_sm_white.svg]
[igc-aircon.com/local/templates/centino-heat_s2/images/svg/left_Arrow_banner_sm_grey.svg]
[igc-aircon.com/local/templates/centino-heat_s2/images/svg/left_Arrow_banner_sm_white.svg]
[igc-aircon.com/local/templates/centino-heat_s2/images/svg/Fullsize.svg]
[igc-aircon.com/local/templates/centino-heat_s2/images/svg/drag.svg]
[igc-aircon.com/local/templates/centino-heat_s2/images/svg/Phone_black.svg]
[igc-aircon.com/local/templates/centino-heat_s2/images/svg/burger_black.svg]
[igc-aircon.com/local/templates/centino-heat_s2/images/svg/Burger_mask.html]
[igc-aircon.com/local/templates/centino-heat_s2/images/svg/burger_white.html]
[igc-aircon.com/local/templates/centino-heat_s2/images/svg/Burger_big_white.svg]
[igc-aircon.com/local/templates/centino-heat_s2/images/svg/Search_mask.html]
[igc-aircon.com/local/templates/centino-heat_s2/images/svg/Search_white.html]
[igc-aircon.com/local/templates/centino-heat_s2/images/svg/Basket_mask.html]
[igc-aircon.com/local/templates/centino-heat_s2/images/svg/Basket_white.html]
[igc-aircon.com/local/templates/centino-heat_s2/images/svg/Basket_big_white.svg]
[igc-aircon.com/local/templates/centino-heat_s2/images/svg/Spinner.svg]
[igc-aircon.com/local/templates/centino-heat_s2/images/svg/Triangle_right.svg]
[igc-aircon.com/local/templates/centino-heat_s2/images/svg/Print.svg]
[igc-aircon.com/local/templates/centino-heat_s2/images/svg/Filter_black.svg]
[igc-aircon.com/local/templates/centino-heat_s2/images/svg/Filter_white.svg]
[igc-aircon.com/local/templates/centino-heat_s2/images/svg/Close_mask.svg]
[igc-aircon.com/local/templates/centino-heat_s2/images/svg/Close.svg]
[igc-aircon.com/local/templates/centino-heat_s2/images/svg/Close_white.svg]
[igc-aircon.com/local/templates/centino-heat_s2/images/svg/social/Vk_mask.html]
[igc-aircon.com/local/templates/centino-heat_s2/images/svg/social/Facebook_mask.html]
[igc-aircon.com/local/templates/centino-heat_s2/images/svg/social/Twitter_mask.html]
[igc-aircon.com/local/templates/centino-heat_s2/images/svg/social/Instagram_mask.html]
[igc-aircon.com/local/templates/centino-heat_s2/images/svg/social/Telegram_mask.html]
[igc-aircon.com/local/templates/centino-heat_s2/images/svg/social/Youtube_mask.html]
[igc-aircon.com/local/templates/centino-heat_s2/images/svg/social/Odnoklassniki_mask.html]
[igc-aircon.com/local/templates/centino-heat_s2/images/svg/social/Googleplus_mask.html]
[igc-aircon.com/local/templates/centino-heat_s2/images/svg/social/Mailru_mask.html]
[igc-aircon.com/local/templates/centino-heat_s2/images/icon-cross-white.svg]
[igc-aircon.com/local/templates/centino-heat_s2/images/search_lupe.html]
[igc-aircon.com/local/templates/centino-heat_s2/images/fader.html]
[igc-aircon.com/local/templates/centino-heat_s2/images/svg/breadcrump_arrow.svg]
[igc-aircon.com/local/templates/centino-heat_s2/images/svg/Arrow_left_white.svg]
[igc-aircon.com/local/templates/centino-heat_s2/images/svg/Arrow_right_white.svg]
[igc-aircon.com/local/templates/centino-heat_s2/images/svg/Arrow_left_white_sm.svg]
[igc-aircon.com/local/templates/centino-heat_s2/images/svg/Arrow_right_white_sm.svg]
[igc-aircon.com/local/templates/centino-heat_s2/images/svg/Arrow_up_sm.svg]
[igc-aircon.com/local/templates/centino-heat_s2/images/svg/Arrow_down_sm.svg]
[igc-aircon.com/local/templates/centino-heat_s2/images/svg/corp.svg]
[igc-aircon.com/local/templates/centino-heat_s2/images/svg/Arrow_left_black_sm.svg]
[igc-aircon.com/local/templates/centino-heat_s2/images/svg/Arrow_right_black_sm.svg]
[igc-aircon.com/local/templates/centino-heat_s2/images/svg/docs_types.svg]
[igc-aircon.com/local/templates/centino-heat_s2/images/svg/Arrow_left_large.svg]
[igc-aircon.com/local/templates/centino-heat_s2/images/svg/Arrow_left_white_large.svg]
[igc-aircon.com/local/templates/centino-heat_s2/images/svg/Arrow_right_large.svg]
[igc-aircon.com/local/templates/centino-heat_s2/images/svg/Arrow_right_white_large.svg]
[igc-aircon.com/local/templates/centino-heat_s2/images/svg/faq_closed.svg]
[igc-aircon.com/local/templates/centino-heat_s2/images/svg/scroll_white.svg]
[igc-aircon.com/local/templates/centino-heat_s2/images/svg/scroll_black.svg]
[igc-aircon.com/local/templates/centino-heat_s2/images/svg/Arrow_left_sm.svg]
[igc-aircon.com/local/templates/centino-heat_s2/images/svg/Arrow_right_sm.svg]
[igc-aircon.com/local/templates/centino-heat_s2/images/svg/social/social_footer_9.svg]
[igc-aircon.com/local/templates/centino-heat_s2/images/main_images.html]
[igc-aircon.com/local/templates/centino-heat_s2/images/svg/social.svg]
[igc-aircon.com/local/templates/centino-heat_s2/images/corp3.svg]
[igc-aircon.com/local/templates/centino-heat_s2/images/svg/cart_empty.svg]
[igc-aircon.com/local/templates/centino-heat_s2/images/svg/order_finished.svg]
[igc-aircon.com/local/templates/centino-heat_s2/images/svg/Closemap.svg]
[igc-aircon.com/local/templates/centino-heat_s2/images/svg/left_Arrow_banner_grey.svg]
[igc-aircon.com/local/templates/centino-heat_s2/images/svg/left_Arrow_banner.svg]
[igc-aircon.com/local/templates/centino-heat_s2/images/svg/right_Arrow_banner_grey.svg]
[igc-aircon.com/local/templates/centino-heat_s2/images/svg/right_Arrow_banner.svg]
[igc-aircon.com/local/templates/centino-heat_s2/images/svg/left_menu_bottom_arrow.svg]
[igc-aircon.com/local/templates/centino-heat_s2/images/svg/left_menu_top_arrow.svg]
[igc-aircon.com/local/templates/centino-heat_s2/images/svg/yandexMapMinus.svg]
[igc-aircon.com/local/templates/centino-heat_s2/images/svg/yandexMapPlus.svg]
[igc-aircon.com/local/templates/centino-heat_s2/images/svg/yandexMapShema.svg]
[igc-aircon.com/local/templates/centino-heat_s2/images/svg/Basket_black.svg]
[igc-aircon.com/local/templates/centino-heat_s2/css/images/filter/x.html]
[igc-aircon.com/local/templates/centino-heat_s2/images/arrows.svg]
[igc-aircon.com/local/templates/centino-heat_s2/images/arrows.svg]
